Archive member included because of file (symbol)

c:/nxp/lpcxpresso_4.1.5_219/lpcxpresso/tools/bin/../lib/gcc/arm-none-eabi/4.5.1/../../../../arm-none-eabi/lib/thumb2\libcr_c.a(__weak__main.o)
                              ./src/board/LPCXpresso/cr_startup_lpc176x.o (__main)
c:/nxp/lpcxpresso_4.1.5_219/lpcxpresso/tools/bin/../lib/gcc/arm-none-eabi/4.5.1/thumb2\libcr_eabihelpers.a(division.o)
                              ./src/board/LPCXpresso/LPC17XX_CMSIS_Drivers/Drivers/source/lpc17xx_pwm.o (__aeabi_uldivmod)
c:/nxp/lpcxpresso_4.1.5_219/lpcxpresso/tools/bin/../lib/gcc/arm-none-eabi/4.5.1/thumb2\libcr_eabihelpers.a(float.o)
                              ./src/board/LPCXpresso/LPC17XX_CMSIS_Drivers/Drivers/source/lpc17xx_systick.o (__aeabi_ui2f)

Allocating common symbols
Common symbol       size              file

_db_dec             0x4               ./src/board/LPCXpresso/LPC17XX_CMSIS_Drivers/Drivers/source/debug_frmwrk.o
_db_dec_32          0x4               ./src/board/LPCXpresso/LPC17XX_CMSIS_Drivers/Drivers/source/debug_frmwrk.o
_db_hex_32          0x4               ./src/board/LPCXpresso/LPC17XX_CMSIS_Drivers/Drivers/source/debug_frmwrk.o
_db_dec_16          0x4               ./src/board/LPCXpresso/LPC17XX_CMSIS_Drivers/Drivers/source/debug_frmwrk.o
_db_msg             0x4               ./src/board/LPCXpresso/LPC17XX_CMSIS_Drivers/Drivers/source/debug_frmwrk.o
_db_get_char        0x4               ./src/board/LPCXpresso/LPC17XX_CMSIS_Drivers/Drivers/source/debug_frmwrk.o
_db_msg_            0x4               ./src/board/LPCXpresso/LPC17XX_CMSIS_Drivers/Drivers/source/debug_frmwrk.o
_db_char            0x4               ./src/board/LPCXpresso/LPC17XX_CMSIS_Drivers/Drivers/source/debug_frmwrk.o
_db_hex             0x4               ./src/board/LPCXpresso/LPC17XX_CMSIS_Drivers/Drivers/source/debug_frmwrk.o
_db_hex_16          0x4               ./src/board/LPCXpresso/LPC17XX_CMSIS_Drivers/Drivers/source/debug_frmwrk.o
FULLCAN_ENABLE      0x1               ./src/board/LPCXpresso/LPC17XX_CMSIS_Drivers/Drivers/source/lpc17xx_can.o

Discarded input sections

 .text          0x00000000        0x0 ./src/bsp/src/qPWM.o
 .data          0x00000000        0x0 ./src/bsp/src/qPWM.o
 .bss           0x00000000        0x0 ./src/bsp/src/qPWM.o
 .text          0x00000000        0x0 ./src/bsp/src/qUART.o
 .data          0x00000000        0x0 ./src/bsp/src/qUART.o
 .bss           0x00000000        0x0 ./src/bsp/src/qUART.o
 .bss.qUARTStatus
                0x00000000        0x4 ./src/bsp/src/qUART.o
 .text          0x00000000        0x0 ./src/board/LPCXpresso/cr_startup_lpc176x.o
 .data          0x00000000        0x0 ./src/board/LPCXpresso/cr_startup_lpc176x.o
 .bss           0x00000000        0x0 ./src/board/LPCXpresso/cr_startup_lpc176x.o
 .text          0x00000000        0x0 ./src/board/LPCXpresso/crp.o
 .data          0x00000000        0x0 ./src/board/LPCXpresso/crp.o
 .bss           0x00000000        0x0 ./src/board/LPCXpresso/crp.o
 .crp           0x00000000        0x4 ./src/board/LPCXpresso/crp.o
 .text          0x00000000        0x0 ./src/board/LPCXpresso/init.o
 .data          0x00000000        0x0 ./src/board/LPCXpresso/init.o
 .bss           0x00000000        0x0 ./src/board/LPCXpresso/init.o
 .text          0x00000000        0x0 ./src/board/LPCXpresso/LPC17XX_CMSIS_Drivers/Drivers/source/debug_frmwrk.o
 .data          0x00000000        0x0 ./src/board/LPCXpresso/LPC17XX_CMSIS_Drivers/Drivers/source/debug_frmwrk.o
 .bss           0x00000000        0x0 ./src/board/LPCXpresso/LPC17XX_CMSIS_Drivers/Drivers/source/debug_frmwrk.o
 .text.UARTPutChar
                0x00000000       0x28 ./src/board/LPCXpresso/LPC17XX_CMSIS_Drivers/Drivers/source/debug_frmwrk.o
 .text.UARTGetChar
                0x00000000       0x30 ./src/board/LPCXpresso/LPC17XX_CMSIS_Drivers/Drivers/source/debug_frmwrk.o
 .text.UARTPuts
                0x00000000       0x34 ./src/board/LPCXpresso/LPC17XX_CMSIS_Drivers/Drivers/source/debug_frmwrk.o
 .rodata        0x00000000        0x8 ./src/board/LPCXpresso/LPC17XX_CMSIS_Drivers/Drivers/source/debug_frmwrk.o
 .text.UARTPuts_
                0x00000000       0x28 ./src/board/LPCXpresso/LPC17XX_CMSIS_Drivers/Drivers/source/debug_frmwrk.o
 .text.UARTPutDec
                0x00000000       0xd0 ./src/board/LPCXpresso/LPC17XX_CMSIS_Drivers/Drivers/source/debug_frmwrk.o
 .text.UARTPutDec16
                0x00000000      0x160 ./src/board/LPCXpresso/LPC17XX_CMSIS_Drivers/Drivers/source/debug_frmwrk.o
 .text.UARTPutDec32
                0x00000000      0x2b4 ./src/board/LPCXpresso/LPC17XX_CMSIS_Drivers/Drivers/source/debug_frmwrk.o
 .text.UARTPutHex
                0x00000000       0x74 ./src/board/LPCXpresso/LPC17XX_CMSIS_Drivers/Drivers/source/debug_frmwrk.o
 .text.UARTPutHex16
                0x00000000       0x74 ./src/board/LPCXpresso/LPC17XX_CMSIS_Drivers/Drivers/source/debug_frmwrk.o
 .text.UARTPutHex32
[...]
Memory Configuration

Name             Origin             Length             Attributes
MFlash512        0x00000000         0x00080000         xr
RamLoc32         0x10000000         0x00008000         xrw
RamAHB32         0x2007c000         0x00008000         xrw
*default*        0x00000000         0xffffffff

Linker script and memory map

LOAD ./src/bsp/src/qPWM.o
LOAD ./src/bsp/src/qUART.o
LOAD ./src/board/LPCXpresso/cr_startup_lpc176x.o
LOAD ./src/board/LPCXpresso/crp.o
LOAD ./src/board/LPCXpresso/init.o
LOAD ./src/board/LPCXpresso/LPC17XX_CMSIS_Drivers/Drivers/source/debug_frmwrk.o
LOAD ./src/board/LPCXpresso/LPC17XX_CMSIS_Drivers/Drivers/source/lpc17xx_adc.o
LOAD ./src/board/LPCXpresso/LPC17XX_CMSIS_Drivers/Drivers/source/lpc17xx_can.o
LOAD ./src/board/LPCXpresso/LPC17XX_CMSIS_Drivers/Drivers/source/lpc17xx_clkpwr.o
LOAD ./src/board/LPCXpresso/LPC17XX_CMSIS_Drivers/Drivers/source/lpc17xx_dac.o
LOAD ./src/board/LPCXpresso/LPC17XX_CMSIS_Drivers/Drivers/source/lpc17xx_emac.o
LOAD ./src/board/LPCXpresso/LPC17XX_CMSIS_Drivers/Drivers/source/lpc17xx_exti.o
LOAD ./src/board/LPCXpresso/LPC17XX_CMSIS_Drivers/Drivers/source/lpc17xx_gpdma.o
LOAD ./src/board/LPCXpresso/LPC17XX_CMSIS_Drivers/Drivers/source/lpc17xx_gpio.o
LOAD ./src/board/LPCXpresso/LPC17XX_CMSIS_Drivers/Drivers/source/lpc17xx_i2c.o
LOAD ./src/board/LPCXpresso/LPC17XX_CMSIS_Drivers/Drivers/source/lpc17xx_i2s.o
LOAD ./src/board/LPCXpresso/LPC17XX_CMSIS_Drivers/Drivers/source/lpc17xx_libcfg_default.o
LOAD ./src/board/LPCXpresso/LPC17XX_CMSIS_Drivers/Drivers/source/lpc17xx_mcpwm.o
LOAD ./src/board/LPCXpresso/LPC17XX_CMSIS_Drivers/Drivers/source/lpc17xx_nvic.o
LOAD ./src/board/LPCXpresso/LPC17XX_CMSIS_Drivers/Drivers/source/lpc17xx_pinsel.o
LOAD ./src/board/LPCXpresso/LPC17XX_CMSIS_Drivers/Drivers/source/lpc17xx_pwm.o
LOAD ./src/board/LPCXpresso/LPC17XX_CMSIS_Drivers/Drivers/source/lpc17xx_qei.o
LOAD ./src/board/LPCXpresso/LPC17XX_CMSIS_Drivers/Drivers/source/lpc17xx_rit.o
LOAD ./src/board/LPCXpresso/LPC17XX_CMSIS_Drivers/Drivers/source/lpc17xx_rtc.o
LOAD ./src/board/LPCXpresso/LPC17XX_CMSIS_Drivers/Drivers/source/lpc17xx_spi.o
LOAD ./src/board/LPCXpresso/LPC17XX_CMSIS_Drivers/Drivers/source/lpc17xx_ssp.o
LOAD ./src/board/LPCXpresso/LPC17XX_CMSIS_Drivers/Drivers/source/lpc17xx_systick.o
LOAD ./src/board/LPCXpresso/LPC17XX_CMSIS_Drivers/Drivers/source/lpc17xx_timer.o
LOAD ./src/board/LPCXpresso/LPC17XX_CMSIS_Drivers/Drivers/source/lpc17xx_uart.o
LOAD ./src/board/LPCXpresso/LPC17XX_CMSIS_Drivers/Drivers/source/lpc17xx_wdt.o
LOAD ./src/board/LPCXpresso/LPC17XX_CMSIS_Drivers/Core/CM3/DeviceSupport/NXP/LPC17xx/system_LPC17xx.o
LOAD ./src/board/LPCXpresso/LPC17XX_CMSIS_Drivers/Core/CM3/CoreSupport/core_cm3.o
LOAD ./src/board/LPCXpresso/BSP/qPWM.o
LOAD ./src/board/LPCXpresso/BSP/qUART.o
LOAD ./src/app/qPWM_test.o
LOAD ./src/api/src/comms.o
LOAD ./src/api/src/qIMU.o
START GROUP
LOAD c:/nxp/lpcxpresso_4.1.5_219/lpcxpresso/tools/bin/../lib/gcc/arm-none-eabi/4.5.1/../../../../arm-none-eabi/lib/thumb2\libcr_c.a
LOAD c:/nxp/lpcxpresso_4.1.5_219/lpcxpresso/tools/bin/../lib/gcc/arm-none-eabi/4.5.1/thumb2\libcr_eabihelpers.a
END GROUP
                0x00080000                __top_MFlash512 = 0x80000
                0x10008000                __top_RamLoc32 = 0x10008000
                0x20084000                __top_RamAHB32 = 0x20084000

.text           0x00000000     0x185c
 FILL mask 0xff
 *(.isr_vector)
 .isr_vector    0x00000000       0xcc ./src/board/LPCXpresso/cr_startup_lpc176x.o
                0x00000000                g_pfnVectors
                0x000000cc                . = ALIGN (0x4)
                0x000000cc                __section_table_start = .
                0x000000cc                __data_section_table = .
                0x000000cc        0x4 LONG 0x185c LOADADDR (.data)
                0x000000d0        0x4 LONG 0x10000000 ADDR (.data)
                0x000000d4        0x4 LONG 0x20 SIZEOF (.data)
                0x000000d8        0x4 LONG 0x185c LOADADDR (.data_RAM2)
                0x000000dc        0x4 LONG 0x2007c000 ADDR (.data_RAM2)
                0x000000e0        0x4 LONG 0x0 SIZEOF (.data_RAM2)
                0x000000e4                __data_section_table_end = .
                0x000000e4                __bss_section_table = .
                0x000000e4        0x4 LONG 0x10000020 ADDR (.bss)
                0x000000e8        0x4 LONG 0x80 SIZEOF (.bss)
                0x000000ec        0x4 LONG 0x2007c000 ADDR (.bss_RAM2)
                0x000000f0        0x4 LONG 0x0 SIZEOF (.bss_RAM2)
                0x000000f4                __bss_section_table_end = .
                0x000000f4                __section_table_end = .
 *(.after_vectors*)
 .after_vectors
                0x000000f4       0x78 ./src/board/LPCXpresso/cr_startup_lpc176x.o
                0x000000f4                NMI_Handler
                0x000000f6                HardFault_Handler
                0x000000f8                MemManage_Handler
                0x000000fa                BusFault_Handler
                0x000000fc                UsageFault_Handler
                0x000000fe                SVCall_Handler
                0x00000100                DebugMon_Handler
                0x00000102                PendSV_Handler
                0x00000104                SysTick_Handler
                0x00000106                data_init
                0x00000118                bss_init
                0x00000128                ResetISR
                0x00000168                EINT2_IRQHandler
                0x00000168                UART1_IRQHandler
                0x00000168                EINT3_IRQHandler
                0x00000168                CANActivity_IRQHandler
                0x00000168                TIMER3_IRQHandler
                0x00000168                I2C1_IRQHandler
                0x00000168                RIT_IRQHandler
                0x00000168                IntDefaultHandler
                0x00000168                PLL0_IRQHandler
                0x00000168                I2C0_IRQHandler
                0x00000168                PLL1_IRQHandler
                0x00000168                PWM1_IRQHandler
                0x00000168                I2S_IRQHandler
                0x00000168                I2C2_IRQHandler
                0x00000168                RTC_IRQHandler
                0x00000168                TIMER0_IRQHandler
                0x00000168                SPI_IRQHandler
                0x00000168                USBActivity_IRQHandler
                0x00000168                EINT1_IRQHandler
                0x00000168                TIMER1_IRQHandler
                0x00000168                ADC_IRQHandler
                0x00000168                SSP1_IRQHandler
                0x00000168                USB_IRQHandler
                0x00000168                BOD_IRQHandler
                0x00000168                TIMER2_IRQHandler
                0x00000168                WDT_IRQHandler
                0x00000168                QEI_IRQHandler
                0x00000168                EINT0_IRQHandler
                0x00000168                SSP0_IRQHandler
                0x00000168                DMA_IRQHandler
                0x00000168                CAN_IRQHandler
                0x00000168                MCPWM_IRQHandler
                0x00000168                ENET_IRQHandler
 *(.text*)
 .text.main     0x0000016c       0x10 ./src/board/LPCXpresso/init.o
                0x0000016c                main
 .text.CLKPWR_SetPCLKDiv
                0x0000017c       0xd4 ./src/board/LPCXpresso/LPC17XX_CMSIS_Drivers/Drivers/source/lpc17xx_clkpwr.o
                0x0000017c                CLKPWR_SetPCLKDiv
 .text.CLKPWR_GetPCLKSEL
                0x00000250       0x54 ./src/board/LPCXpresso/LPC17XX_CMSIS_Drivers/Drivers/source/lpc17xx_clkpwr.o
                0x00000250                CLKPWR_GetPCLKSEL
 .text.CLKPWR_GetPCLK
                0x000002a4       0x70 ./src/board/LPCXpresso/LPC17XX_CMSIS_Drivers/Drivers/source/lpc17xx_clkpwr.o
                0x000002a4                CLKPWR_GetPCLK
 .text.CLKPWR_ConfigPPWR
                0x00000314       0x80 ./src/board/LPCXpresso/LPC17XX_CMSIS_Drivers/Drivers/source/lpc17xx_clkpwr.o
                0x00000314                CLKPWR_ConfigPPWR
 .text.check_failed
                0x00000394        0xc ./src/board/LPCXpresso/LPC17XX_CMSIS_Drivers/Drivers/source/lpc17xx_libcfg_default.o
                0x00000394                check_failed
 .text.set_PinFunc
                0x000003a0       0xa0 ./src/board/LPCXpresso/LPC17XX_CMSIS_Drivers/Drivers/source/lpc17xx_pinsel.o
 .text.set_ResistorMode
                0x00000440       0xa0 ./src/board/LPCXpresso/LPC17XX_CMSIS_Drivers/Drivers/source/lpc17xx_pinsel.o
 .text.set_OpenDrainMode
                0x000004e0       0x80 ./src/board/LPCXpresso/LPC17XX_CMSIS_Drivers/Drivers/source/lpc17xx_pinsel.o
 .text.PINSEL_ConfigPin
                0x00000560       0x54 ./src/board/LPCXpresso/LPC17XX_CMSIS_Drivers/Drivers/source/lpc17xx_pinsel.o
                0x00000560                PINSEL_ConfigPin
 .text.PWM_Init
                0x000005b4      0x1b4 ./src/board/LPCXpresso/LPC17XX_CMSIS_Drivers/Drivers/source/lpc17xx_pwm.o
                0x000005b4                PWM_Init
 .text.PWM_Cmd  0x00000768       0x70 ./src/board/LPCXpresso/LPC17XX_CMSIS_Drivers/Drivers/source/lpc17xx_pwm.o
                0x00000768                PWM_Cmd
 .text.PWM_CounterCmd
                0x000007d8       0x70 ./src/board/LPCXpresso/LPC17XX_CMSIS_Drivers/Drivers/source/lpc17xx_pwm.o
                0x000007d8                PWM_CounterCmd
 .text.PWM_ResetCounter
                0x00000848       0x48 ./src/board/LPCXpresso/LPC17XX_CMSIS_Drivers/Drivers/source/lpc17xx_pwm.o
                0x00000848                PWM_ResetCounter
 .text.PWM_ConfigMatch
                0x00000890      0x1fc ./src/board/LPCXpresso/LPC17XX_CMSIS_Drivers/Drivers/source/lpc17xx_pwm.o
                0x00000890                PWM_ConfigMatch
 .text.PWM_MatchUpdate
                0x00000a8c      0x108 ./src/board/LPCXpresso/LPC17XX_CMSIS_Drivers/Drivers/source/lpc17xx_pwm.o
                0x00000a8c                PWM_MatchUpdate
 .text.PWM_ChannelConfig
                0x00000b94       0xd0 ./src/board/LPCXpresso/LPC17XX_CMSIS_Drivers/Drivers/source/lpc17xx_pwm.o
                0x00000b94                PWM_ChannelConfig
 .text.PWM_ChannelCmd
                0x00000c64       0xbc ./src/board/LPCXpresso/LPC17XX_CMSIS_Drivers/Drivers/source/lpc17xx_pwm.o
                0x00000c64                PWM_ChannelCmd
 .text.UART_ReceiveByte
                0x00000d20       0x78 ./src/board/LPCXpresso/LPC17XX_CMSIS_Drivers/Drivers/source/lpc17xx_uart.o
                0x00000d20                UART_ReceiveByte
 .text.UART_Receive
                0x00000d98       0xd8 ./src/board/LPCXpresso/LPC17XX_CMSIS_Drivers/Drivers/source/lpc17xx_uart.o
                0x00000d98                UART_Receive
 .text.UART_GetLineStatus
                0x00000e70       0x7c ./src/board/LPCXpresso/LPC17XX_CMSIS_Drivers/Drivers/source/lpc17xx_uart.o
                0x00000e70                UART_GetLineStatus
 .text.UART_GetIntId
                0x00000eec       0x68 ./src/board/LPCXpresso/LPC17XX_CMSIS_Drivers/Drivers/source/lpc17xx_uart.o
                0x00000eec                UART_GetIntId
 .text.SystemInit
                0x00000f54      0x240 ./src/board/LPCXpresso/LPC17XX_CMSIS_Drivers/Core/CM3/DeviceSupport/NXP/LPC17xx/system_LPC17xx.o
                0x00000f54                SystemInit
 .text.qPWM_Init
                0x00001194       0x5c ./src/board/LPCXpresso/BSP/qPWM.o
                0x00001194                qPWM_Init
 .text.qPWM_Config
                0x000011f0       0xb4 ./src/board/LPCXpresso/BSP/qPWM.o
                0x000011f0                qPWM_Config
 .text.qPWM_SetChannel
                0x000012a4      0x164 ./src/board/LPCXpresso/BSP/qPWM.o
                0x000012a4                qPWM_SetChannel
 .text.qPWM_SetPWM
                0x00001408       0x84 ./src/board/LPCXpresso/BSP/qPWM.o
                0x00001408                qPWM_SetPWM
 .text.UART0_IRQHandler
                0x0000148c       0x10 ./src/board/LPCXpresso/BSP/qUART.o
                0x0000148c                UART0_IRQHandler
 .text.UART2_IRQHandler
                0x0000149c       0x10 ./src/board/LPCXpresso/BSP/qUART.o
                0x0000149c                UART2_IRQHandler
 .text.UART3_IRQHandler
                0x000014ac       0x10 ./src/board/LPCXpresso/BSP/qUART.o
                0x000014ac                UART3_IRQHandler
 .text.UARTx_IRQHandler
                0x000014bc       0xbc ./src/board/LPCXpresso/BSP/qUART.o
                0x000014bc                UARTx_IRQHandler
 .text.UART_IntErr
                0x00001578       0x14 ./src/board/LPCXpresso/BSP/qUART.o
                0x00001578                UART_IntErr
 .text.AppMain  0x0000158c       0xbc ./src/app/qPWM_test.o
                0x0000158c                AppMain
 .text.__weak_main
                0x00001648        0x4 c:/nxp/lpcxpresso_4.1.5_219/lpcxpresso/tools/bin/../lib/gcc/arm-none-eabi/4.5.1/../../../../arm-none-eabi/lib/thumb2\libcr_c.a(__weak__main.o)
                0x00001648                __weak_main
                0x00001648                __main
 .text.__aeabi_division_uldivmod
                0x0000164c      0x174 c:/nxp/lpcxpresso_4.1.5_219/lpcxpresso/tools/bin/../lib/gcc/arm-none-eabi/4.5.1/thumb2\libcr_eabihelpers.a(division.o)
                0x0000164c                __aeabi_uldivmod
                0x00001650                __bhs_ldivmod1
 .text.__aeabi_division_idiv0
                0x000017c0        0x2 c:/nxp/lpcxpresso_4.1.5_219/lpcxpresso/tools/bin/../lib/gcc/arm-none-eabi/4.5.1/thumb2\libcr_eabihelpers.a(division.o)
                0x000017c0                __aeabi_idiv0
 *(.rodata .rodata.*)
 *fill*         0x000017c2        0x2 00
 .rodata        0x000017c4       0x4c ./src/board/LPCXpresso/LPC17XX_CMSIS_Drivers/Drivers/source/lpc17xx_pwm.o
 .rodata        0x00001810       0x4c ./src/board/LPCXpresso/LPC17XX_CMSIS_Drivers/Drivers/source/lpc17xx_uart.o
                0x0000185c                . = ALIGN (0x4)

.glue_7         0x0000185c        0x0
 .glue_7        0x00000000        0x0 linker stubs

.glue_7t        0x0000185c        0x0
 .glue_7t       0x00000000        0x0 linker stubs

.vfp11_veneer   0x0000185c        0x0
 .vfp11_veneer  0x00000000        0x0 linker stubs

.v4_bx          0x0000185c        0x0
 .v4_bx         0x00000000        0x0 linker stubs

.ARM.extab
 *(.ARM.extab* .gnu.linkonce.armextab.*)
                0x0000185c                __exidx_start = .

.ARM.exidx
 *(.ARM.exidx* .gnu.linkonce.armexidx.*)
                0x0000185c                __exidx_end = .
                0x0000185c                _etext = .

.data_RAM2      0x2007c000        0x0 load address 0x0000185c
 FILL mask 0xff
 *(.data.$RAM2*)
 *(.data.$RamAHB32*)
                0x2007c000                . = ALIGN (0x4)

.uninit_RESERVED
 *(.bss.$RESERVED*)

.data           0x10000000       0x20 load address 0x0000185c
 FILL mask 0xff
                0x10000000                _data = .
 *(vtable)
 *(.data*)
 .data.qPWM     0x10000000       0x10 ./src/bsp/src/qPWM.o
                0x10000000                qPWM
 .data.SystemCoreClock
                0x10000010        0x4 ./src/board/LPCXpresso/LPC17XX_CMSIS_Drivers/Core/CM3/DeviceSupport/NXP/LPC17xx/system_LPC17xx.o
                0x10000010                SystemCoreClock
 .data.uarts    0x10000014        0xc ./src/board/LPCXpresso/BSP/qUART.o
                0x10000020                . = ALIGN (0x4)
                0x10000020                _edata = .

.bss_RAM2       0x2007c000        0x0
 *(.bss.$RAM2*)
 *(.bss.$RamAHB32*)
                0x2007c000                . = ALIGN (0x4)

.bss            0x10000020       0x80
                0x10000020                _bss = .
 *(.bss*)
 .bss.qPWM_CHANNEL
                0x10000020       0x48 ./src/bsp/src/qPWM.o
                0x10000020                qPWM_CHANNEL
 .bss.RxBuff    0x10000068       0x2c ./src/board/LPCXpresso/BSP/qUART.o
 .bss.RBR_Handler
                0x10000094        0xc ./src/board/LPCXpresso/BSP/qUART.o
                0x10000094                RBR_Handler
 *(COMMON)
                0x100000a0                . = ALIGN (0x4)
                0x100000a0                _ebss = .
                0x100000a0                PROVIDE (end, .)
                0x100000a0                PROVIDE (_pvHeapStart, .)
                0x10008000                PROVIDE (_vStackTop, (__top_RamLoc32 - 0x0))
OUTPUT(QUADLSE_OBC.axf elf32-littlearm)

.debug_abbrev   0x00000000     0x2d9f
 .debug_abbrev  0x00000000       0x8e ./src/bsp/src/qPWM.o
 .debug_abbrev  0x0000008e       0x72 ./src/bsp/src/qUART.o
 .debug_abbrev  0x00000100      0x10f ./src/board/LPCXpresso/cr_startup_lpc176x.o
 .debug_abbrev  0x0000020f       0x69 ./src/board/LPCXpresso/crp.o
 .debug_abbrev  0x00000278       0x3a ./src/board/LPCXpresso/init.o
 .debug_abbrev  0x000002b2      0x1ca ./src/board/LPCXpresso/LPC17XX_CMSIS_Drivers/Drivers/source/debug_frmwrk.o
 .debug_abbrev  0x0000047c      0x13f ./src/board/LPCXpresso/LPC17XX_CMSIS_Drivers/Drivers/source/lpc17xx_adc.o
 .debug_abbrev  0x000005bb      0x1ef ./src/board/LPCXpresso/LPC17XX_CMSIS_Drivers/Drivers/source/lpc17xx_can.o
 .debug_abbrev  0x000007aa      0x197 ./src/board/LPCXpresso/LPC17XX_CMSIS_Drivers/Drivers/source/lpc17xx_clkpwr.o
 .debug_abbrev  0x00000941       0xec ./src/board/LPCXpresso/LPC17XX_CMSIS_Drivers/Drivers/source/lpc17xx_dac.o
 .debug_abbrev  0x00000a2d      0x1e6 ./src/board/LPCXpresso/LPC17XX_CMSIS_Drivers/Drivers/source/lpc17xx_emac.o
 .debug_abbrev  0x00000c13       0xfe ./src/board/LPCXpresso/LPC17XX_CMSIS_Drivers/Drivers/source/lpc17xx_exti.o
 .debug_abbrev  0x00000d11      0x1c5 ./src/board/LPCXpresso/LPC17XX_CMSIS_Drivers/Drivers/source/lpc17xx_gpdma.o
 .debug_abbrev  0x00000ed6      0x1cb ./src/board/LPCXpresso/LPC17XX_CMSIS_Drivers/Drivers/source/lpc17xx_gpio.o
 .debug_abbrev  0x000010a1      0x216 ./src/board/LPCXpresso/LPC17XX_CMSIS_Drivers/Drivers/source/lpc17xx_i2c.o
 .debug_abbrev  0x000012b7      0x176 ./src/board/LPCXpresso/LPC17XX_CMSIS_Drivers/Drivers/source/lpc17xx_i2s.o
 .debug_abbrev  0x0000142d       0x6a ./src/board/LPCXpresso/LPC17XX_CMSIS_Drivers/Drivers/source/lpc17xx_libcfg_default.o
 .debug_abbrev  0x00001497      0x154 ./src/board/LPCXpresso/LPC17XX_CMSIS_Drivers/Drivers/source/lpc17xx_mcpwm.o
 .debug_abbrev  0x000015eb      0x10d ./src/board/LPCXpresso/LPC17XX_CMSIS_Drivers/Drivers/source/lpc17xx_nvic.o
 .debug_abbrev  0x000016f8      0x11f ./src/board/LPCXpresso/LPC17XX_CMSIS_Drivers/Drivers/source/lpc17xx_pinsel.o
 .debug_abbrev  0x00001817      0x189 ./src/board/LPCXpresso/LPC17XX_CMSIS_Drivers/Drivers/source/lpc17xx_pwm.o
 .debug_abbrev  0x000019a0      0x1bc ./src/board/LPCXpresso/LPC17XX_CMSIS_Drivers/Drivers/source/lpc17xx_qei.o
 .debug_abbrev  0x00001b5c      0x104 ./src/board/LPCXpresso/LPC17XX_CMSIS_Drivers/Drivers/source/lpc17xx_rit.o
 .debug_abbrev  0x00001c60      0x16b ./src/board/LPCXpresso/LPC17XX_CMSIS_Drivers/Drivers/source/lpc17xx_rtc.o
 .debug_abbrev  0x00001dcb      0x17c ./src/board/LPCXpresso/LPC17XX_CMSIS_Drivers/Drivers/source/lpc17xx_spi.o
 .debug_abbrev  0x00001f47      0x19d ./src/board/LPCXpresso/LPC17XX_CMSIS_Drivers/Drivers/source/lpc17xx_ssp.o
 .debug_abbrev  0x000020e4      0x11a ./src/board/LPCXpresso/LPC17XX_CMSIS_Drivers/Drivers/source/lpc17xx_systick.o
 .debug_abbrev  0x000021fe      0x1b6 ./src/board/LPCXpresso/LPC17XX_CMSIS_Drivers/Drivers/source/lpc17xx_timer.o
 .debug_abbrev  0x000023b4      0x1d0 ./src/board/LPCXpresso/LPC17XX_CMSIS_Drivers/Drivers/source/lpc17xx_uart.o
 .debug_abbrev  0x00002584      0x15b ./src/board/LPCXpresso/LPC17XX_CMSIS_Drivers/Drivers/source/lpc17xx_wdt.o
 .debug_abbrev  0x000026df      0x106 ./src/board/LPCXpresso/LPC17XX_CMSIS_Drivers/Core/CM3/DeviceSupport/NXP/LPC17xx/system_LPC17xx.o
 .debug_abbrev  0x000027e5       0x2c ./src/board/LPCXpresso/LPC17XX_CMSIS_Drivers/Core/CM3/CoreSupport/core_cm3.o
 .debug_abbrev  0x00002811      0x13a ./src/board/LPCXpresso/BSP/qPWM.o
 .debug_abbrev  0x0000294b      0x227 ./src/board/LPCXpresso/BSP/qUART.o
 .debug_abbrev  0x00002b72       0x86 ./src/app/qPWM_test.o
 .debug_abbrev  0x00002bf8      0x106 ./src/api/src/comms.o
 .debug_abbrev  0x00002cfe       0xa1 ./src/api/src/qIMU.o

.debug_info     0x00000000     0xed99
 .debug_info    0x00000000      0x179 ./src/bsp/src/qPWM.o
 .debug_info    0x00000179       0xb2 ./src/bsp/src/qUART.o
 .debug_info    0x0000022b      0x2e3 ./src/board/LPCXpresso/cr_startup_lpc176x.o
 .debug_info    0x0000050e       0xb3 ./src/board/LPCXpresso/crp.o
 .debug_info    0x000005c1       0x4e ./src/board/LPCXpresso/init.o
 .debug_info    0x0000060f      0x939 ./src/board/LPCXpresso/LPC17XX_CMSIS_Drivers/Drivers/source/debug_frmwrk.o
 .debug_info    0x00000f48      0x617 ./src/board/LPCXpresso/LPC17XX_CMSIS_Drivers/Drivers/source/lpc17xx_adc.o
 .debug_info    0x0000155f     0x1216 ./src/board/LPCXpresso/LPC17XX_CMSIS_Drivers/Drivers/source/lpc17xx_can.o
 .debug_info    0x00002775      0x6c9 ./src/board/LPCXpresso/LPC17XX_CMSIS_Drivers/Drivers/source/lpc17xx_clkpwr.o
 .debug_info    0x00002e3e      0x290 ./src/board/LPCXpresso/LPC17XX_CMSIS_Drivers/Drivers/source/lpc17xx_dac.o
 .debug_info    0x000030ce      0xd83 ./src/board/LPCXpresso/LPC17XX_CMSIS_Drivers/Drivers/source/lpc17xx_emac.o
 .debug_info    0x00003e51      0x4e1 ./src/board/LPCXpresso/LPC17XX_CMSIS_Drivers/Drivers/source/lpc17xx_exti.o
 .debug_info    0x00004332      0xd3e ./src/board/LPCXpresso/LPC17XX_CMSIS_Drivers/Drivers/source/lpc17xx_gpdma.o
 .debug_info    0x00005070      0xe2d ./src/board/LPCXpresso/LPC17XX_CMSIS_Drivers/Drivers/source/lpc17xx_gpio.o
 .debug_info    0x00005e9d      0xdb0 ./src/board/LPCXpresso/LPC17XX_CMSIS_Drivers/Drivers/source/lpc17xx_i2c.o
 .debug_info    0x00006c4d      0x896 ./src/board/LPCXpresso/LPC17XX_CMSIS_Drivers/Drivers/source/lpc17xx_i2s.o
 .debug_info    0x000074e3       0xcd ./src/board/LPCXpresso/LPC17XX_CMSIS_Drivers/Drivers/source/lpc17xx_libcfg_default.o
 .debug_info    0x000075b0      0x816 ./src/board/LPCXpresso/LPC17XX_CMSIS_Drivers/Drivers/source/lpc17xx_mcpwm.o
 .debug_info    0x00007dc6      0x409 ./src/board/LPCXpresso/LPC17XX_CMSIS_Drivers/Drivers/source/lpc17xx_nvic.o
 .debug_info    0x000081cf      0x4b9 ./src/board/LPCXpresso/LPC17XX_CMSIS_Drivers/Drivers/source/lpc17xx_pinsel.o
 .debug_info    0x00008688      0x82d ./src/board/LPCXpresso/LPC17XX_CMSIS_Drivers/Drivers/source/lpc17xx_pwm.o
 .debug_info    0x00008eb5      0x857 ./src/board/LPCXpresso/LPC17XX_CMSIS_Drivers/Drivers/source/lpc17xx_qei.o
 .debug_info    0x0000970c      0x2c6 ./src/board/LPCXpresso/LPC17XX_CMSIS_Drivers/Drivers/source/lpc17xx_rit.o
 .debug_info    0x000099d2      0xa1e ./src/board/LPCXpresso/LPC17XX_CMSIS_Drivers/Drivers/source/lpc17xx_rtc.o
 .debug_info    0x0000a3f0      0x5cf ./src/board/LPCXpresso/LPC17XX_CMSIS_Drivers/Drivers/source/lpc17xx_spi.o
 .debug_info    0x0000a9bf      0x785 ./src/board/LPCXpresso/LPC17XX_CMSIS_Drivers/Drivers/source/lpc17xx_ssp.o
 .debug_info    0x0000b144      0x260 ./src/board/LPCXpresso/LPC17XX_CMSIS_Drivers/Drivers/source/lpc17xx_systick.o
 .debug_info    0x0000b3a4      0x891 ./src/board/LPCXpresso/LPC17XX_CMSIS_Drivers/Drivers/source/lpc17xx_timer.o
 .debug_info    0x0000bc35     0x1151 ./src/board/LPCXpresso/LPC17XX_CMSIS_Drivers/Drivers/source/lpc17xx_uart.o
 .debug_info    0x0000cd86      0x37a ./src/board/LPCXpresso/LPC17XX_CMSIS_Drivers/Drivers/source/lpc17xx_wdt.o
 .debug_info    0x0000d100      0x511 ./src/board/LPCXpresso/LPC17XX_CMSIS_Drivers/Core/CM3/DeviceSupport/NXP/LPC17xx/system_LPC17xx.o
 .debug_info    0x0000d611       0x70 ./src/board/LPCXpresso/LPC17XX_CMSIS_Drivers/Core/CM3/CoreSupport/core_cm3.o
 .debug_info    0x0000d681      0x6a0 ./src/board/LPCXpresso/BSP/qPWM.o
 .debug_info    0x0000dd21      0xb02 ./src/board/LPCXpresso/BSP/qUART.o
 .debug_info    0x0000e823      0x11c ./src/app/qPWM_test.o
 .debug_info    0x0000e93f      0x2fa ./src/api/src/comms.o
 .debug_info    0x0000ec39      0x160 ./src/api/src/qIMU.o

.debug_line     0x00000000     0xf0a5
 .debug_line    0x00000000      0x3d7 ./src/bsp/src/qPWM.o
 .debug_line    0x000003d7      0x3d9 ./src/bsp/src/qUART.o
 .debug_line    0x000007b0      0x414 ./src/board/LPCXpresso/cr_startup_lpc176x.o
 .debug_line    0x00000bc4      0x4d4 ./src/board/LPCXpresso/crp.o
 .debug_line    0x00001098       0x51 ./src/board/LPCXpresso/init.o
 .debug_line    0x000010e9      0x6a8 ./src/board/LPCXpresso/LPC17XX_CMSIS_Drivers/Drivers/source/debug_frmwrk.o
 .debug_line    0x00001791      0x728 ./src/board/LPCXpresso/LPC17XX_CMSIS_Drivers/Drivers/source/lpc17xx_adc.o
 .debug_line    0x00001eb9      0xda6 ./src/board/LPCXpresso/LPC17XX_CMSIS_Drivers/Drivers/source/lpc17xx_can.o
 .debug_line    0x00002c5f      0x5ed ./src/board/LPCXpresso/LPC17XX_CMSIS_Drivers/Drivers/source/lpc17xx_clkpwr.o
 .debug_line    0x0000324c      0x5c0 ./src/board/LPCXpresso/LPC17XX_CMSIS_Drivers/Drivers/source/lpc17xx_dac.o
 .debug_line    0x0000380c      0x885 ./src/board/LPCXpresso/LPC17XX_CMSIS_Drivers/Drivers/source/lpc17xx_emac.o
 .debug_line    0x00004091      0x58a ./src/board/LPCXpresso/LPC17XX_CMSIS_Drivers/Drivers/source/lpc17xx_exti.o
 .debug_line    0x0000461b      0x689 ./src/board/LPCXpresso/LPC17XX_CMSIS_Drivers/Drivers/source/lpc17xx_gpdma.o
 .debug_line    0x00004ca4      0x7ca ./src/board/LPCXpresso/LPC17XX_CMSIS_Drivers/Drivers/source/lpc17xx_gpio.o
 .debug_line    0x0000546e      0xa0c ./src/board/LPCXpresso/LPC17XX_CMSIS_Drivers/Drivers/source/lpc17xx_i2c.o
 .debug_line    0x00005e7a      0x90d ./src/board/LPCXpresso/LPC17XX_CMSIS_Drivers/Drivers/source/lpc17xx_i2s.o
 .debug_line    0x00006787      0x3e3 ./src/board/LPCXpresso/LPC17XX_CMSIS_Drivers/Drivers/source/lpc17xx_libcfg_default.o
 .debug_line    0x00006b6a      0x8dd ./src/board/LPCXpresso/LPC17XX_CMSIS_Drivers/Drivers/source/lpc17xx_mcpwm.o
 .debug_line    0x00007447      0x559 ./src/board/LPCXpresso/LPC17XX_CMSIS_Drivers/Drivers/source/lpc17xx_nvic.o
 .debug_line    0x000079a0      0x585 ./src/board/LPCXpresso/LPC17XX_CMSIS_Drivers/Drivers/source/lpc17xx_pinsel.o
 .debug_line    0x00007f25      0x8b1 ./src/board/LPCXpresso/LPC17XX_CMSIS_Drivers/Drivers/source/lpc17xx_pwm.o
 .debug_line    0x000087d6      0x90c ./src/board/LPCXpresso/LPC17XX_CMSIS_Drivers/Drivers/source/lpc17xx_qei.o
 .debug_line    0x000090e2      0x606 ./src/board/LPCXpresso/LPC17XX_CMSIS_Drivers/Drivers/source/lpc17xx_rit.o
 .debug_line    0x000096e8      0x9bb ./src/board/LPCXpresso/LPC17XX_CMSIS_Drivers/Drivers/source/lpc17xx_rtc.o
 .debug_line    0x0000a0a3      0x70e ./src/board/LPCXpresso/LPC17XX_CMSIS_Drivers/Drivers/source/lpc17xx_spi.o
 .debug_line    0x0000a7b1      0x8bb ./src/board/LPCXpresso/LPC17XX_CMSIS_Drivers/Drivers/source/lpc17xx_ssp.o
 .debug_line    0x0000b06c      0x5dc ./src/board/LPCXpresso/LPC17XX_CMSIS_Drivers/Drivers/source/lpc17xx_systick.o
 .debug_line    0x0000b648      0x8b6 ./src/board/LPCXpresso/LPC17XX_CMSIS_Drivers/Drivers/source/lpc17xx_timer.o
 .debug_line    0x0000befe      0xc2a ./src/board/LPCXpresso/LPC17XX_CMSIS_Drivers/Drivers/source/lpc17xx_uart.o
 .debug_line    0x0000cb28      0x63d ./src/board/LPCXpresso/LPC17XX_CMSIS_Drivers/Drivers/source/lpc17xx_wdt.o
 .debug_line    0x0000d165      0x498 ./src/board/LPCXpresso/LPC17XX_CMSIS_Drivers/Core/CM3/DeviceSupport/NXP/LPC17xx/system_LPC17xx.o
 .debug_line    0x0000d5fd      0x334 ./src/board/LPCXpresso/LPC17XX_CMSIS_Drivers/Core/CM3/CoreSupport/core_cm3.o
 .debug_line    0x0000d931      0x694 ./src/board/LPCXpresso/BSP/qPWM.o
 .debug_line    0x0000dfc5      0x6fa ./src/board/LPCXpresso/BSP/qUART.o
 .debug_line    0x0000e6bf      0x3fc ./src/app/qPWM_test.o
 .debug_line    0x0000eabb      0x4ef ./src/api/src/comms.o
 .debug_line    0x0000efaa       0xfb ./src/api/src/qIMU.o

.debug_macinfo  0x00000000   0x11a530
 .debug_macinfo
                0x00000000     0x3178 ./src/bsp/src/qPWM.o
 .debug_macinfo
                0x00003178     0x3179 ./src/bsp/src/qUART.o
 .debug_macinfo
                0x000062f1     0x3140 ./src/board/LPCXpresso/cr_startup_lpc176x.o
 .debug_macinfo
                0x00009431     0x79a3 ./src/board/LPCXpresso/crp.o
 .debug_macinfo
                0x00010dd4     0x16a4 ./src/board/LPCXpresso/init.o
 .debug_macinfo
                0x00012478     0x99b4 ./src/board/LPCXpresso/LPC17XX_CMSIS_Drivers/Drivers/source/debug_frmwrk.o
 .debug_macinfo
                0x0001be2c     0x94ec ./src/board/LPCXpresso/LPC17XX_CMSIS_Drivers/Drivers/source/lpc17xx_adc.o
 .debug_macinfo
                0x00025318     0xa84d ./src/board/LPCXpresso/LPC17XX_CMSIS_Drivers/Drivers/source/lpc17xx_can.o
 .debug_macinfo
                0x0002fb65     0x8ba7 ./src/board/LPCXpresso/LPC17XX_CMSIS_Drivers/Drivers/source/lpc17xx_clkpwr.o
 .debug_macinfo
                0x0003870c     0x8f08 ./src/board/LPCXpresso/LPC17XX_CMSIS_Drivers/Drivers/source/lpc17xx_dac.o
 .debug_macinfo
                0x00041614     0xabd7 ./src/board/LPCXpresso/LPC17XX_CMSIS_Drivers/Drivers/source/lpc17xx_emac.o
 .debug_macinfo
                0x0004c1eb     0x7a98 ./src/board/LPCXpresso/LPC17XX_CMSIS_Drivers/Drivers/source/lpc17xx_exti.o
 .debug_macinfo
                0x00053c83     0xa11c ./src/board/LPCXpresso/LPC17XX_CMSIS_Drivers/Drivers/source/lpc17xx_gpdma.o
 .debug_macinfo
                0x0005dd9f     0x7c66 ./src/board/LPCXpresso/LPC17XX_CMSIS_Drivers/Drivers/source/lpc17xx_gpio.o
 .debug_macinfo
                0x00065a05     0x9b7e ./src/board/LPCXpresso/LPC17XX_CMSIS_Drivers/Drivers/source/lpc17xx_i2c.o
 .debug_macinfo
                0x0006f583     0x9bf8 ./src/board/LPCXpresso/LPC17XX_CMSIS_Drivers/Drivers/source/lpc17xx_i2s.o
 .debug_macinfo
                0x0007917b     0x3422 ./src/board/LPCXpresso/LPC17XX_CMSIS_Drivers/Drivers/source/lpc17xx_libcfg_default.o
 .debug_macinfo
                0x0007c59d     0x978a ./src/board/LPCXpresso/LPC17XX_CMSIS_Drivers/Drivers/source/lpc17xx_mcpwm.o
 .debug_macinfo
                0x00085d27     0x78a4 ./src/board/LPCXpresso/LPC17XX_CMSIS_Drivers/Drivers/source/lpc17xx_nvic.o
 .debug_macinfo
                0x0008d5cb     0x7d84 ./src/board/LPCXpresso/LPC17XX_CMSIS_Drivers/Drivers/source/lpc17xx_pinsel.o
 .debug_macinfo
                0x0009534f     0x962f ./src/board/LPCXpresso/LPC17XX_CMSIS_Drivers/Drivers/source/lpc17xx_pwm.o
 .debug_macinfo
                0x0009e97e     0xa5c3 ./src/board/LPCXpresso/LPC17XX_CMSIS_Drivers/Drivers/source/lpc17xx_qei.o
 .debug_macinfo
                0x000a8f41     0x8e2f ./src/board/LPCXpresso/LPC17XX_CMSIS_Drivers/Drivers/source/lpc17xx_rit.o
 .debug_macinfo
                0x000b1d70     0x9601 ./src/board/LPCXpresso/LPC17XX_CMSIS_Drivers/Drivers/source/lpc17xx_rtc.o
 .debug_macinfo
                0x000bb371     0x97ba ./src/board/LPCXpresso/LPC17XX_CMSIS_Drivers/Drivers/source/lpc17xx_spi.o
 .debug_macinfo
                0x000c4b2b     0x9e6f ./src/board/LPCXpresso/LPC17XX_CMSIS_Drivers/Drivers/source/lpc17xx_ssp.o
 .debug_macinfo
                0x000ce99a     0x8f22 ./src/board/LPCXpresso/LPC17XX_CMSIS_Drivers/Drivers/source/lpc17xx_systick.o
 .debug_macinfo
                0x000d78bc     0x9a7d ./src/board/LPCXpresso/LPC17XX_CMSIS_Drivers/Drivers/source/lpc17xx_timer.o
 .debug_macinfo
                0x000e1339     0xa5fa ./src/board/LPCXpresso/LPC17XX_CMSIS_Drivers/Drivers/source/lpc17xx_uart.o
 .debug_macinfo
                0x000eb933     0x9565 ./src/board/LPCXpresso/LPC17XX_CMSIS_Drivers/Drivers/source/lpc17xx_wdt.o
 .debug_macinfo
                0x000f4e98     0x79aa ./src/board/LPCXpresso/LPC17XX_CMSIS_Drivers/Core/CM3/DeviceSupport/NXP/LPC17xx/system_LPC17xx.o
 .debug_macinfo
                0x000fc842     0x30e5 ./src/board/LPCXpresso/LPC17XX_CMSIS_Drivers/Core/CM3/CoreSupport/core_cm3.o
 .debug_macinfo
                0x000ff927     0x871b ./src/board/LPCXpresso/BSP/qPWM.o
 .debug_macinfo
                0x00108042     0xaacc ./src/board/LPCXpresso/BSP/qUART.o
 .debug_macinfo
                0x00112b0e     0x3199 ./src/app/qPWM_test.o
 .debug_macinfo
                0x00115ca7     0x31c6 ./src/api/src/comms.o
 .debug_macinfo
                0x00118e6d     0x16c3 ./src/api/src/qIMU.o

.debug_pubnames
                0x00000000     0x1fb9
 .debug_pubnames
                0x00000000       0x2c ./src/bsp/src/qPWM.o
 .debug_pubnames
                0x0000002c       0x22 ./src/bsp/src/qUART.o
 .debug_pubnames
                0x0000004e      0x118 ./src/board/LPCXpresso/cr_startup_lpc176x.o
 .debug_pubnames
                0x00000166       0x1f ./src/board/LPCXpresso/crp.o
 .debug_pubnames
                0x00000185       0x1b ./src/board/LPCXpresso/init.o
 .debug_pubnames
                0x000001a0      0x150 ./src/board/LPCXpresso/LPC17XX_CMSIS_Drivers/Drivers/source/debug_frmwrk.o
 .debug_pubnames
                0x000002f0      0x110 ./src/board/LPCXpresso/LPC17XX_CMSIS_Drivers/Drivers/source/lpc17xx_adc.o
 .debug_pubnames
                0x00000400      0x205 ./src/board/LPCXpresso/LPC17XX_CMSIS_Drivers/Drivers/source/lpc17xx_can.o
 .debug_pubnames
                0x00000605       0xbb ./src/board/LPCXpresso/LPC17XX_CMSIS_Drivers/Drivers/source/lpc17xx_clkpwr.o
 .debug_pubnames
                0x000006c0       0x7a ./src/board/LPCXpresso/LPC17XX_CMSIS_Drivers/Drivers/source/lpc17xx_dac.o
 .debug_pubnames
                0x0000073a      0x1d3 ./src/board/LPCXpresso/LPC17XX_CMSIS_Drivers/Drivers/source/lpc17xx_emac.o
 .debug_pubnames
                0x0000090d       0x7d ./src/board/LPCXpresso/LPC17XX_CMSIS_Drivers/Drivers/source/lpc17xx_exti.o
 .debug_pubnames
                0x0000098a       0xc3 ./src/board/LPCXpresso/LPC17XX_CMSIS_Drivers/Drivers/source/lpc17xx_gpdma.o
 .debug_pubnames
                0x00000a4d      0x203 ./src/board/LPCXpresso/LPC17XX_CMSIS_Drivers/Drivers/source/lpc17xx_gpio.o
 .debug_pubnames
                0x00000c50      0x163 ./src/board/LPCXpresso/LPC17XX_CMSIS_Drivers/Drivers/source/lpc17xx_i2c.o
 .debug_pubnames
                0x00000db3      0x145 ./src/board/LPCXpresso/LPC17XX_CMSIS_Drivers/Drivers/source/lpc17xx_i2s.o
 .debug_pubnames
                0x00000ef8       0x23 ./src/board/LPCXpresso/LPC17XX_CMSIS_Drivers/Drivers/source/lpc17xx_libcfg_default.o
 .debug_pubnames
                0x00000f1b      0x13b ./src/board/LPCXpresso/LPC17XX_CMSIS_Drivers/Drivers/source/lpc17xx_mcpwm.o
 .debug_pubnames
                0x00001056       0x46 ./src/board/LPCXpresso/LPC17XX_CMSIS_Drivers/Drivers/source/lpc17xx_nvic.o
 .debug_pubnames
                0x0000109c       0x59 ./src/board/LPCXpresso/LPC17XX_CMSIS_Drivers/Drivers/source/lpc17xx_pinsel.o
 .debug_pubnames
                0x000010f5      0x127 ./src/board/LPCXpresso/LPC17XX_CMSIS_Drivers/Drivers/source/lpc17xx_pwm.o
 .debug_pubnames
                0x0000121c      0x1aa ./src/board/LPCXpresso/LPC17XX_CMSIS_Drivers/Drivers/source/lpc17xx_qei.o
 .debug_pubnames
                0x000013c6       0x79 ./src/board/LPCXpresso/LPC17XX_CMSIS_Drivers/Drivers/source/lpc17xx_rit.o
 .debug_pubnames
                0x0000143f      0x1ab ./src/board/LPCXpresso/LPC17XX_CMSIS_Drivers/Drivers/source/lpc17xx_rtc.o
 .debug_pubnames
                0x000015ea      0x105 ./src/board/LPCXpresso/LPC17XX_CMSIS_Drivers/Drivers/source/lpc17xx_spi.o
 .debug_pubnames
                0x000016ef      0x15c ./src/board/LPCXpresso/LPC17XX_CMSIS_Drivers/Drivers/source/lpc17xx_ssp.o
 .debug_pubnames
                0x0000184b       0xa0 ./src/board/LPCXpresso/LPC17XX_CMSIS_Drivers/Drivers/source/lpc17xx_systick.o
 .debug_pubnames
                0x000018eb      0x12b ./src/board/LPCXpresso/LPC17XX_CMSIS_Drivers/Drivers/source/lpc17xx_timer.o
 .debug_pubnames
                0x00001a16      0x271 ./src/board/LPCXpresso/LPC17XX_CMSIS_Drivers/Drivers/source/lpc17xx_uart.o
 .debug_pubnames
                0x00001c87       0x97 ./src/board/LPCXpresso/LPC17XX_CMSIS_Drivers/Drivers/source/lpc17xx_wdt.o
 .debug_pubnames
                0x00001d1e       0x4f ./src/board/LPCXpresso/LPC17XX_CMSIS_Drivers/Core/CM3/DeviceSupport/NXP/LPC17xx/system_LPC17xx.o
 .debug_pubnames
                0x00001d6d       0x88 ./src/board/LPCXpresso/BSP/qPWM.o
 .debug_pubnames
                0x00001df5       0xe8 ./src/board/LPCXpresso/BSP/qUART.o
 .debug_pubnames
                0x00001edd       0x1e ./src/app/qPWM_test.o
 .debug_pubnames
                0x00001efb       0x70 ./src/api/src/comms.o
 .debug_pubnames
                0x00001f6b       0x4e ./src/api/src/qIMU.o

.debug_pubtypes
                0x00000000     0x17db
 .debug_pubtypes
                0x00000000       0x58 ./src/bsp/src/qPWM.o
 .debug_pubtypes
                0x00000058       0x1f ./src/bsp/src/qUART.o
 .debug_pubtypes
                0x00000077       0x12 ./src/board/LPCXpresso/cr_startup_lpc176x.o
 .debug_pubtypes
                0x00000089       0x1e ./src/board/LPCXpresso/crp.o
 .debug_pubtypes
                0x000000a7       0xc0 ./src/board/LPCXpresso/LPC17XX_CMSIS_Drivers/Drivers/source/debug_frmwrk.o
 .debug_pubtypes
                0x00000167       0x90 ./src/board/LPCXpresso/LPC17XX_CMSIS_Drivers/Drivers/source/lpc17xx_adc.o
 .debug_pubtypes
                0x000001f7      0x1fe ./src/board/LPCXpresso/LPC17XX_CMSIS_Drivers/Drivers/source/lpc17xx_can.o
 .debug_pubtypes
                0x000003f5       0x6b ./src/board/LPCXpresso/LPC17XX_CMSIS_Drivers/Drivers/source/lpc17xx_clkpwr.o
 .debug_pubtypes
                0x00000460       0x73 ./src/board/LPCXpresso/LPC17XX_CMSIS_Drivers/Drivers/source/lpc17xx_dac.o
 .debug_pubtypes
                0x000004d3       0xf8 ./src/board/LPCXpresso/LPC17XX_CMSIS_Drivers/Drivers/source/lpc17xx_emac.o
 .debug_pubtypes
                0x000005cb       0x90 ./src/board/LPCXpresso/LPC17XX_CMSIS_Drivers/Drivers/source/lpc17xx_exti.o
 .debug_pubtypes
                0x0000065b      0x179 ./src/board/LPCXpresso/LPC17XX_CMSIS_Drivers/Drivers/source/lpc17xx_gpdma.o
 .debug_pubtypes
                0x000007d4       0xb5 ./src/board/LPCXpresso/LPC17XX_CMSIS_Drivers/Drivers/source/lpc17xx_gpio.o
 .debug_pubtypes
                0x00000889      0x113 ./src/board/LPCXpresso/LPC17XX_CMSIS_Drivers/Drivers/source/lpc17xx_i2c.o
 .debug_pubtypes
                0x0000099c       0xa6 ./src/board/LPCXpresso/LPC17XX_CMSIS_Drivers/Drivers/source/lpc17xx_i2s.o
 .debug_pubtypes
                0x00000a42       0x2b ./src/board/LPCXpresso/LPC17XX_CMSIS_Drivers/Drivers/source/lpc17xx_libcfg_default.o
 .debug_pubtypes
                0x00000a6d       0xb3 ./src/board/LPCXpresso/LPC17XX_CMSIS_Drivers/Drivers/source/lpc17xx_mcpwm.o
 .debug_pubtypes
                0x00000b20       0x52 ./src/board/LPCXpresso/LPC17XX_CMSIS_Drivers/Drivers/source/lpc17xx_nvic.o
 .debug_pubtypes
                0x00000b72       0x76 ./src/board/LPCXpresso/LPC17XX_CMSIS_Drivers/Drivers/source/lpc17xx_pinsel.o
 .debug_pubtypes
                0x00000be8       0xd6 ./src/board/LPCXpresso/LPC17XX_CMSIS_Drivers/Drivers/source/lpc17xx_pwm.o
 .debug_pubtypes
                0x00000cbe       0xb7 ./src/board/LPCXpresso/LPC17XX_CMSIS_Drivers/Drivers/source/lpc17xx_qei.o
 .debug_pubtypes
                0x00000d75       0x6d ./src/board/LPCXpresso/LPC17XX_CMSIS_Drivers/Drivers/source/lpc17xx_rit.o
 .debug_pubtypes
                0x00000de2       0x8c ./src/board/LPCXpresso/LPC17XX_CMSIS_Drivers/Drivers/source/lpc17xx_rtc.o
 .debug_pubtypes
                0x00000e6e       0xc8 ./src/board/LPCXpresso/LPC17XX_CMSIS_Drivers/Drivers/source/lpc17xx_spi.o
 .debug_pubtypes
                0x00000f36       0xc8 ./src/board/LPCXpresso/LPC17XX_CMSIS_Drivers/Drivers/source/lpc17xx_ssp.o
 .debug_pubtypes
                0x00000ffe       0x5c ./src/board/LPCXpresso/LPC17XX_CMSIS_Drivers/Drivers/source/lpc17xx_systick.o
 .debug_pubtypes
                0x0000105a      0x113 ./src/board/LPCXpresso/LPC17XX_CMSIS_Drivers/Drivers/source/lpc17xx_timer.o
 .debug_pubtypes
                0x0000116d      0x225 ./src/board/LPCXpresso/LPC17XX_CMSIS_Drivers/Drivers/source/lpc17xx_uart.o
 .debug_pubtypes
                0x00001392       0x7b ./src/board/LPCXpresso/LPC17XX_CMSIS_Drivers/Drivers/source/lpc17xx_wdt.o
 .debug_pubtypes
                0x0000140d       0x57 ./src/board/LPCXpresso/LPC17XX_CMSIS_Drivers/Core/CM3/DeviceSupport/NXP/LPC17xx/system_LPC17xx.o
 .debug_pubtypes
                0x00001464       0x12 ./src/board/LPCXpresso/LPC17XX_CMSIS_Drivers/Core/CM3/CoreSupport/core_cm3.o
 .debug_pubtypes
                0x00001476       0xce ./src/board/LPCXpresso/BSP/qPWM.o
 .debug_pubtypes
                0x00001544      0x151 ./src/board/LPCXpresso/BSP/qUART.o
 .debug_pubtypes
                0x00001695       0x2b ./src/app/qPWM_test.o
 .debug_pubtypes
                0x000016c0       0x70 ./src/api/src/comms.o
 .debug_pubtypes
                0x00001730       0xab ./src/api/src/qIMU.o

.debug_str      0x00000000     0x5b8a
 .debug_str     0x00000000      0x146 ./src/bsp/src/qPWM.o
                                0x179 (size before relaxing)
 .debug_str     0x00000146       0x23 ./src/bsp/src/qUART.o
                                0x102 (size before relaxing)
 .debug_str     0x00000169      0x18b ./src/board/LPCXpresso/cr_startup_lpc176x.o
                                0x249 (size before relaxing)
 .debug_str     0x000002f4       0x34 ./src/board/LPCXpresso/crp.o
                                 0xf4 (size before relaxing)
 .debug_str     0x00000328       0x24 ./src/board/LPCXpresso/init.o
                                 0x63 (size before relaxing)
 .debug_str     0x0000034c      0x33c ./src/board/LPCXpresso/LPC17XX_CMSIS_Drivers/Drivers/source/debug_frmwrk.o
                                0x427 (size before relaxing)
 .debug_str     0x00000688      0x3a2 ./src/board/LPCXpresso/LPC17XX_CMSIS_Drivers/Drivers/source/lpc17xx_adc.o
                                0x4c7 (size before relaxing)
 .debug_str     0x00000a2a      0x8df ./src/board/LPCXpresso/LPC17XX_CMSIS_Drivers/Drivers/source/lpc17xx_can.o
                                0xa39 (size before relaxing)
 .debug_str     0x00001309      0x259 ./src/board/LPCXpresso/LPC17XX_CMSIS_Drivers/Drivers/source/lpc17xx_clkpwr.o
                                0x3b4 (size before relaxing)
 .debug_str     0x00001562      0x164 ./src/board/LPCXpresso/LPC17XX_CMSIS_Drivers/Drivers/source/lpc17xx_dac.o
                                0x250 (size before relaxing)
 .debug_str     0x000016c6      0x4b7 ./src/board/LPCXpresso/LPC17XX_CMSIS_Drivers/Drivers/source/lpc17xx_emac.o
                                0x6ba (size before relaxing)
 .debug_str     0x00001b7d      0x1c5 ./src/board/LPCXpresso/LPC17XX_CMSIS_Drivers/Drivers/source/lpc17xx_exti.o
                                0x3f8 (size before relaxing)
 .debug_str     0x00001d42      0x473 ./src/board/LPCXpresso/LPC17XX_CMSIS_Drivers/Drivers/source/lpc17xx_gpdma.o
                                0x6bd (size before relaxing)
 .debug_str     0x000021b5      0x45a ./src/board/LPCXpresso/LPC17XX_CMSIS_Drivers/Drivers/source/lpc17xx_gpio.o
                                0x579 (size before relaxing)
 .debug_str     0x0000260f      0x6ea ./src/board/LPCXpresso/LPC17XX_CMSIS_Drivers/Drivers/source/lpc17xx_i2c.o
                                0x874 (size before relaxing)
 .debug_str     0x00002cf9      0x215 ./src/board/LPCXpresso/LPC17XX_CMSIS_Drivers/Drivers/source/lpc17xx_i2s.o
                                0x3f9 (size before relaxing)
 .debug_str     0x00002f0e       0x6d ./src/board/LPCXpresso/LPC17XX_CMSIS_Drivers/Drivers/source/lpc17xx_libcfg_default.o
                                0x13b (size before relaxing)
 .debug_str     0x00002f7b      0x429 ./src/board/LPCXpresso/LPC17XX_CMSIS_Drivers/Drivers/source/lpc17xx_mcpwm.o
                                0x552 (size before relaxing)
 .debug_str     0x000033a4       0x7b ./src/board/LPCXpresso/LPC17XX_CMSIS_Drivers/Drivers/source/lpc17xx_nvic.o
                                0x20f (size before relaxing)
 .debug_str     0x0000341f      0x231 ./src/board/LPCXpresso/LPC17XX_CMSIS_Drivers/Drivers/source/lpc17xx_pinsel.o
                                0x38d (size before relaxing)
 .debug_str     0x00003650      0x442 ./src/board/LPCXpresso/LPC17XX_CMSIS_Drivers/Drivers/source/lpc17xx_pwm.o
                                0x5c6 (size before relaxing)
 .debug_str     0x00003a92      0x387 ./src/board/LPCXpresso/LPC17XX_CMSIS_Drivers/Drivers/source/lpc17xx_qei.o
                                0x4d4 (size before relaxing)
 .debug_str     0x00003e19       0xf4 ./src/board/LPCXpresso/LPC17XX_CMSIS_Drivers/Drivers/source/lpc17xx_rit.o
                                0x220 (size before relaxing)
 .debug_str     0x00003f0d      0x3d9 ./src/board/LPCXpresso/LPC17XX_CMSIS_Drivers/Drivers/source/lpc17xx_rtc.o
                                0x5a3 (size before relaxing)
 .debug_str     0x000042e6      0x243 ./src/board/LPCXpresso/LPC17XX_CMSIS_Drivers/Drivers/source/lpc17xx_spi.o
                                0x3c0 (size before relaxing)
 .debug_str     0x00004529      0x21e ./src/board/LPCXpresso/LPC17XX_CMSIS_Drivers/Drivers/source/lpc17xx_ssp.o
                                0x41b (size before relaxing)
 .debug_str     0x00004747       0xf0 ./src/board/LPCXpresso/LPC17XX_CMSIS_Drivers/Drivers/source/lpc17xx_systick.o
                                0x21a (size before relaxing)
 .debug_str     0x00004837      0x377 ./src/board/LPCXpresso/LPC17XX_CMSIS_Drivers/Drivers/source/lpc17xx_timer.o
                                0x5bb (size before relaxing)
 .debug_str     0x00004bae      0x7e4 ./src/board/LPCXpresso/LPC17XX_CMSIS_Drivers/Drivers/source/lpc17xx_uart.o
                                0xb66 (size before relaxing)
 .debug_str     0x00005392      0x1a1 ./src/board/LPCXpresso/LPC17XX_CMSIS_Drivers/Drivers/source/lpc17xx_wdt.o
                                0x2d7 (size before relaxing)
 .debug_str     0x00005533       0x83 ./src/board/LPCXpresso/LPC17XX_CMSIS_Drivers/Core/CM3/DeviceSupport/NXP/LPC17xx/system_LPC17xx.o
                                0x309 (size before relaxing)
 .debug_str     0x000055b6       0x4e ./src/board/LPCXpresso/LPC17XX_CMSIS_Drivers/Core/CM3/CoreSupport/core_cm3.o
                                0x106 (size before relaxing)
 .debug_str     0x00005604      0x136 ./src/board/LPCXpresso/BSP/qPWM.o
                                0x45f (size before relaxing)
 .debug_str     0x0000573a      0x164 ./src/board/LPCXpresso/BSP/qUART.o
                                0x856 (size before relaxing)
 .debug_str     0x0000589e       0x2f ./src/app/qPWM_test.o
                                0x163 (size before relaxing)
 .debug_str     0x000058cd      0x1ac ./src/api/src/comms.o
                                0x2ee (size before relaxing)
 .debug_str     0x00005a79      0x111 ./src/api/src/qIMU.o
                                0x1a9 (size before relaxing)

.comment        0x00000000       0x2a
 .comment       0x00000000       0x2a ./src/bsp/src/qPWM.o
                                 0x2b (size before relaxing)
 .comment       0x00000000       0x2b ./src/bsp/src/qUART.o
 .comment       0x00000000       0x2b ./src/board/LPCXpresso/cr_startup_lpc176x.o
 .comment       0x00000000       0x2b ./src/board/LPCXpresso/crp.o
 .comment       0x00000000       0x2b ./src/board/LPCXpresso/init.o
 .comment       0x00000000       0x2b ./src/board/LPCXpresso/LPC17XX_CMSIS_Drivers/Drivers/source/debug_frmwrk.o
 .comment       0x00000000       0x2b ./src/board/LPCXpresso/LPC17XX_CMSIS_Drivers/Drivers/source/lpc17xx_adc.o
 .comment       0x00000000       0x2b ./src/board/LPCXpresso/LPC17XX_CMSIS_Drivers/Drivers/source/lpc17xx_can.o
 .comment       0x00000000       0x2b ./src/board/LPCXpresso/LPC17XX_CMSIS_Drivers/Drivers/source/lpc17xx_clkpwr.o
 .comment       0x00000000       0x2b ./src/board/LPCXpresso/LPC17XX_CMSIS_Drivers/Drivers/source/lpc17xx_dac.o
 .comment       0x00000000       0x2b ./src/board/LPCXpresso/LPC17XX_CMSIS_Drivers/Drivers/source/lpc17xx_emac.o
 .comment       0x00000000       0x2b ./src/board/LPCXpresso/LPC17XX_CMSIS_Drivers/Drivers/source/lpc17xx_exti.o
 .comment       0x00000000       0x2b ./src/board/LPCXpresso/LPC17XX_CMSIS_Drivers/Drivers/source/lpc17xx_gpdma.o
 .comment       0x00000000       0x2b ./src/board/LPCXpresso/LPC17XX_CMSIS_Drivers/Drivers/source/lpc17xx_gpio.o
 .comment       0x00000000       0x2b ./src/board/LPCXpresso/LPC17XX_CMSIS_Drivers/Drivers/source/lpc17xx_i2c.o
 .comment       0x00000000       0x2b ./src/board/LPCXpresso/LPC17XX_CMSIS_Drivers/Drivers/source/lpc17xx_i2s.o
 .comment       0x00000000       0x2b ./src/board/LPCXpresso/LPC17XX_CMSIS_Drivers/Drivers/source/lpc17xx_libcfg_default.o
 .comment       0x00000000       0x2b ./src/board/LPCXpresso/LPC17XX_CMSIS_Drivers/Drivers/source/lpc17xx_mcpwm.o
 .comment       0x00000000       0x2b ./src/board/LPCXpresso/LPC17XX_CMSIS_Drivers/Drivers/source/lpc17xx_nvic.o
 .comment       0x00000000       0x2b ./src/board/LPCXpresso/LPC17XX_CMSIS_Drivers/Drivers/source/lpc17xx_pinsel.o
 .comment       0x00000000       0x2b ./src/board/LPCXpresso/LPC17XX_CMSIS_Drivers/Drivers/source/lpc17xx_pwm.o
 .comment       0x00000000       0x2b ./src/board/LPCXpresso/LPC17XX_CMSIS_Drivers/Drivers/source/lpc17xx_qei.o
 .comment       0x00000000       0x2b ./src/board/LPCXpresso/LPC17XX_CMSIS_Drivers/Drivers/source/lpc17xx_rit.o
 .comment       0x00000000       0x2b ./src/board/LPCXpresso/LPC17XX_CMSIS_Drivers/Drivers/source/lpc17xx_rtc.o
 .comment       0x00000000       0x2b ./src/board/LPCXpresso/LPC17XX_CMSIS_Drivers/Drivers/source/lpc17xx_spi.o
 .comment       0x00000000       0x2b ./src/board/LPCXpresso/LPC17XX_CMSIS_Drivers/Drivers/source/lpc17xx_ssp.o
 .comment       0x00000000       0x2b ./src/board/LPCXpresso/LPC17XX_CMSIS_Drivers/Drivers/source/lpc17xx_systick.o
 .comment       0x00000000       0x2b ./src/board/LPCXpresso/LPC17XX_CMSIS_Drivers/Drivers/source/lpc17xx_timer.o
 .comment       0x00000000       0x2b ./src/board/LPCXpresso/LPC17XX_CMSIS_Drivers/Drivers/source/lpc17xx_uart.o
 .comment       0x00000000       0x2b ./src/board/LPCXpresso/LPC17XX_CMSIS_Drivers/Drivers/source/lpc17xx_wdt.o
 .comment       0x00000000       0x2b ./src/board/LPCXpresso/LPC17XX_CMSIS_Drivers/Core/CM3/DeviceSupport/NXP/LPC17xx/system_LPC17xx.o
 .comment       0x00000000       0x2b ./src/board/LPCXpresso/LPC17XX_CMSIS_Drivers/Core/CM3/CoreSupport/core_cm3.o
 .comment       0x00000000       0x2b ./src/board/LPCXpresso/BSP/qPWM.o
 .comment       0x00000000       0x2b ./src/board/LPCXpresso/BSP/qUART.o
 .comment       0x00000000       0x2b ./src/app/qPWM_test.o
 .comment       0x00000000       0x2b ./src/api/src/comms.o
 .comment       0x00000000       0x2b ./src/api/src/qIMU.o
 .comment       0x00000000       0x2b c:/nxp/lpcxpresso_4.1.5_219/lpcxpresso/tools/bin/../lib/gcc/arm-none-eabi/4.5.1/../../../../arm-none-eabi/lib/thumb2\libcr_c.a(__weak__main.o)
 .comment       0x00000000       0x2b c:/nxp/lpcxpresso_4.1.5_219/lpcxpresso/tools/bin/../lib/gcc/arm-none-eabi/4.5.1/thumb2\libcr_eabihelpers.a(float.o)

.ARM.attributes
                0x00000000       0x2f
 .ARM.attributes
                0x00000000       0x31 ./src/bsp/src/qPWM.o
 .ARM.attributes
                0x00000031       0x31 ./src/bsp/src/qUART.o
 .ARM.attributes
                0x00000062       0x31 ./src/board/LPCXpresso/cr_startup_lpc176x.o
 .ARM.attributes
                0x00000093       0x31 ./src/board/LPCXpresso/crp.o
 .ARM.attributes
                0x000000c4       0x31 ./src/board/LPCXpresso/init.o
 .ARM.attributes
                0x000000f5       0x31 ./src/board/LPCXpresso/LPC17XX_CMSIS_Drivers/Drivers/source/debug_frmwrk.o
 .ARM.attributes
                0x00000126       0x31 ./src/board/LPCXpresso/LPC17XX_CMSIS_Drivers/Drivers/source/lpc17xx_adc.o
 .ARM.attributes
                0x00000157       0x31 ./src/board/LPCXpresso/LPC17XX_CMSIS_Drivers/Drivers/source/lpc17xx_can.o
 .ARM.attributes
                0x00000188       0x31 ./src/board/LPCXpresso/LPC17XX_CMSIS_Drivers/Drivers/source/lpc17xx_clkpwr.o
 .ARM.attributes
                0x000001b9       0x31 ./src/board/LPCXpresso/LPC17XX_CMSIS_Drivers/Drivers/source/lpc17xx_dac.o
 .ARM.attributes
                0x000001ea       0x31 ./src/board/LPCXpresso/LPC17XX_CMSIS_Drivers/Drivers/source/lpc17xx_emac.o
 .ARM.attributes
                0x0000021b       0x31 ./src/board/LPCXpresso/LPC17XX_CMSIS_Drivers/Drivers/source/lpc17xx_exti.o
 .ARM.attributes
                0x0000024c       0x31 ./src/board/LPCXpresso/LPC17XX_CMSIS_Drivers/Drivers/source/lpc17xx_gpdma.o
 .ARM.attributes
                0x0000027d       0x31 ./src/board/LPCXpresso/LPC17XX_CMSIS_Drivers/Drivers/source/lpc17xx_gpio.o
 .ARM.attributes
                0x000002ae       0x31 ./src/board/LPCXpresso/LPC17XX_CMSIS_Drivers/Drivers/source/lpc17xx_i2c.o
 .ARM.attributes
                0x000002df       0x31 ./src/board/LPCXpresso/LPC17XX_CMSIS_Drivers/Drivers/source/lpc17xx_i2s.o
 .ARM.attributes
                0x00000310       0x31 ./src/board/LPCXpresso/LPC17XX_CMSIS_Drivers/Drivers/source/lpc17xx_libcfg_default.o
 .ARM.attributes
                0x00000341       0x31 ./src/board/LPCXpresso/LPC17XX_CMSIS_Drivers/Drivers/source/lpc17xx_mcpwm.o
 .ARM.attributes
                0x00000372       0x31 ./src/board/LPCXpresso/LPC17XX_CMSIS_Drivers/Drivers/source/lpc17xx_nvic.o
 .ARM.attributes
                0x000003a3       0x31 ./src/board/LPCXpresso/LPC17XX_CMSIS_Drivers/Drivers/source/lpc17xx_pinsel.o
 .ARM.attributes
                0x000003d4       0x31 ./src/board/LPCXpresso/LPC17XX_CMSIS_Drivers/Drivers/source/lpc17xx_pwm.o
 .ARM.attributes
                0x00000405       0x31 ./src/board/LPCXpresso/LPC17XX_CMSIS_Drivers/Drivers/source/lpc17xx_qei.o
 .ARM.attributes
                0x00000436       0x31 ./src/board/LPCXpresso/LPC17XX_CMSIS_Drivers/Drivers/source/lpc17xx_rit.o
 .ARM.attributes
                0x00000467       0x31 ./src/board/LPCXpresso/LPC17XX_CMSIS_Drivers/Drivers/source/lpc17xx_rtc.o
 .ARM.attributes
                0x00000498       0x31 ./src/board/LPCXpresso/LPC17XX_CMSIS_Drivers/Drivers/source/lpc17xx_spi.o
 .ARM.attributes
                0x000004c9       0x31 ./src/board/LPCXpresso/LPC17XX_CMSIS_Drivers/Drivers/source/lpc17xx_ssp.o
 .ARM.attributes
                0x000004fa       0x31 ./src/board/LPCXpresso/LPC17XX_CMSIS_Drivers/Drivers/source/lpc17xx_systick.o
 .ARM.attributes
                0x0000052b       0x31 ./src/board/LPCXpresso/LPC17XX_CMSIS_Drivers/Drivers/source/lpc17xx_timer.o
 .ARM.attributes
                0x0000055c       0x31 ./src/board/LPCXpresso/LPC17XX_CMSIS_Drivers/Drivers/source/lpc17xx_uart.o
 .ARM.attributes
                0x0000058d       0x31 ./src/board/LPCXpresso/LPC17XX_CMSIS_Drivers/Drivers/source/lpc17xx_wdt.o
 .ARM.attributes
                0x000005be       0x31 ./src/board/LPCXpresso/LPC17XX_CMSIS_Drivers/Core/CM3/DeviceSupport/NXP/LPC17xx/system_LPC17xx.o
 .ARM.attributes
                0x000005ef       0x31 ./src/board/LPCXpresso/LPC17XX_CMSIS_Drivers/Core/CM3/CoreSupport/core_cm3.o
 .ARM.attributes
                0x00000620       0x31 ./src/board/LPCXpresso/BSP/qPWM.o
 .ARM.attributes
                0x00000651       0x31 ./src/board/LPCXpresso/BSP/qUART.o
 .ARM.attributes
                0x00000682       0x31 ./src/app/qPWM_test.o
 .ARM.attributes
                0x000006b3       0x31 ./src/api/src/comms.o
 .ARM.attributes
                0x000006e4       0x31 ./src/api/src/qIMU.o
 .ARM.attributes
                0x00000715       0x31 c:/nxp/lpcxpresso_4.1.5_219/lpcxpresso/tools/bin/../lib/gcc/arm-none-eabi/4.5.1/../../../../arm-none-eabi/lib/thumb2\libcr_c.a(__weak__main.o)
 .ARM.attributes
                0x00000746       0x21 c:/nxp/lpcxpresso_4.1.5_219/lpcxpresso/tools/bin/../lib/gcc/arm-none-eabi/4.5.1/thumb2\libcr_eabihelpers.a(division.o)
 .ARM.attributes
                0x00000767       0x31 c:/nxp/lpcxpresso_4.1.5_219/lpcxpresso/tools/bin/../lib/gcc/arm-none-eabi/4.5.1/thumb2\libcr_eabihelpers.a(float.o)

.debug_loc      0x00000000     0x5186
 .debug_loc     0x00000000      0x1b8 ./src/board/LPCXpresso/cr_startup_lpc176x.o
 .debug_loc     0x000001b8       0x2c ./src/board/LPCXpresso/init.o
 .debug_loc     0x000001e4      0x268 ./src/board/LPCXpresso/LPC17XX_CMSIS_Drivers/Drivers/source/debug_frmwrk.o
 .debug_loc     0x0000044c      0x2d8 ./src/board/LPCXpresso/LPC17XX_CMSIS_Drivers/Drivers/source/lpc17xx_adc.o
 .debug_loc     0x00000724      0x466 ./src/board/LPCXpresso/LPC17XX_CMSIS_Drivers/Drivers/source/lpc17xx_can.o
 .debug_loc     0x00000b8a      0x190 ./src/board/LPCXpresso/LPC17XX_CMSIS_Drivers/Drivers/source/lpc17xx_clkpwr.o
 .debug_loc     0x00000d1a      0x118 ./src/board/LPCXpresso/LPC17XX_CMSIS_Drivers/Drivers/source/lpc17xx_dac.o
 .debug_loc     0x00000e32      0x528 ./src/board/LPCXpresso/LPC17XX_CMSIS_Drivers/Drivers/source/lpc17xx_emac.o
 .debug_loc     0x0000135a      0x138 ./src/board/LPCXpresso/LPC17XX_CMSIS_Drivers/Drivers/source/lpc17xx_exti.o
 .debug_loc     0x00001492      0x10c ./src/board/LPCXpresso/LPC17XX_CMSIS_Drivers/Drivers/source/lpc17xx_gpdma.o
 .debug_loc     0x0000159e      0x620 ./src/board/LPCXpresso/LPC17XX_CMSIS_Drivers/Drivers/source/lpc17xx_gpio.o
 .debug_loc     0x00001bbe      0x508 ./src/board/LPCXpresso/LPC17XX_CMSIS_Drivers/Drivers/source/lpc17xx_i2c.o
 .debug_loc     0x000020c6      0x498 ./src/board/LPCXpresso/LPC17XX_CMSIS_Drivers/Drivers/source/lpc17xx_i2s.o
 .debug_loc     0x0000255e       0x38 ./src/board/LPCXpresso/LPC17XX_CMSIS_Drivers/Drivers/source/lpc17xx_libcfg_default.o
 .debug_loc     0x00002596      0x348 ./src/board/LPCXpresso/LPC17XX_CMSIS_Drivers/Drivers/source/lpc17xx_mcpwm.o
 .debug_loc     0x000028de       0xa8 ./src/board/LPCXpresso/LPC17XX_CMSIS_Drivers/Drivers/source/lpc17xx_nvic.o
 .debug_loc     0x00002986      0x150 ./src/board/LPCXpresso/LPC17XX_CMSIS_Drivers/Drivers/source/lpc17xx_pinsel.o
 .debug_loc     0x00002ad6      0x310 ./src/board/LPCXpresso/LPC17XX_CMSIS_Drivers/Drivers/source/lpc17xx_pwm.o
 .debug_loc     0x00002de6      0x49a ./src/board/LPCXpresso/LPC17XX_CMSIS_Drivers/Drivers/source/lpc17xx_qei.o
 .debug_loc     0x00003280      0x150 ./src/board/LPCXpresso/LPC17XX_CMSIS_Drivers/Drivers/source/lpc17xx_rit.o
 .debug_loc     0x000033d0      0x460 ./src/board/LPCXpresso/LPC17XX_CMSIS_Drivers/Drivers/source/lpc17xx_rtc.o
 .debug_loc     0x00003830      0x2d8 ./src/board/LPCXpresso/LPC17XX_CMSIS_Drivers/Drivers/source/lpc17xx_spi.o
 .debug_loc     0x00003b08      0x3f0 ./src/board/LPCXpresso/LPC17XX_CMSIS_Drivers/Drivers/source/lpc17xx_ssp.o
 .debug_loc     0x00003ef8      0x138 ./src/board/LPCXpresso/LPC17XX_CMSIS_Drivers/Drivers/source/lpc17xx_systick.o
 .debug_loc     0x00004030      0x380 ./src/board/LPCXpresso/LPC17XX_CMSIS_Drivers/Drivers/source/lpc17xx_timer.o
 .debug_loc     0x000043b0      0x65a ./src/board/LPCXpresso/LPC17XX_CMSIS_Drivers/Drivers/source/lpc17xx_uart.o
 .debug_loc     0x00004a0a      0x190 ./src/board/LPCXpresso/LPC17XX_CMSIS_Drivers/Drivers/source/lpc17xx_wdt.o
 .debug_loc     0x00004b9a       0x58 ./src/board/LPCXpresso/LPC17XX_CMSIS_Drivers/Core/CM3/DeviceSupport/NXP/LPC17xx/system_LPC17xx.o
 .debug_loc     0x00004bf2      0x188 ./src/board/LPCXpresso/BSP/qPWM.o
 .debug_loc     0x00004d7a      0x244 ./src/board/LPCXpresso/BSP/qUART.o
 .debug_loc     0x00004fbe       0x38 ./src/app/qPWM_test.o
 .debug_loc     0x00004ff6       0xd4 ./src/api/src/comms.o
 .debug_loc     0x000050ca       0xbc ./src/api/src/qIMU.o

.debug_aranges  0x00000000      0xf10
 .debug_aranges
                0x00000000       0x80 ./src/board/LPCXpresso/cr_startup_lpc176x.o
 .debug_aranges
                0x00000080       0x20 ./src/board/LPCXpresso/init.o
 .debug_aranges
                0x000000a0       0x70 ./src/board/LPCXpresso/LPC17XX_CMSIS_Drivers/Drivers/source/debug_frmwrk.o
 .debug_aranges
                0x00000110       0x80 ./src/board/LPCXpresso/LPC17XX_CMSIS_Drivers/Drivers/source/lpc17xx_adc.o
 .debug_aranges
                0x00000190       0xb8 ./src/board/LPCXpresso/LPC17XX_CMSIS_Drivers/Drivers/source/lpc17xx_can.o
 .debug_aranges
                0x00000248       0x58 ./src/board/LPCXpresso/LPC17XX_CMSIS_Drivers/Drivers/source/lpc17xx_clkpwr.o
 .debug_aranges
                0x000002a0       0x40 ./src/board/LPCXpresso/LPC17XX_CMSIS_Drivers/Drivers/source/lpc17xx_dac.o
 .debug_aranges
                0x000002e0       0xd8 ./src/board/LPCXpresso/LPC17XX_CMSIS_Drivers/Drivers/source/lpc17xx_emac.o
 .debug_aranges
                0x000003b8       0x48 ./src/board/LPCXpresso/LPC17XX_CMSIS_Drivers/Drivers/source/lpc17xx_exti.o
 .debug_aranges
                0x00000400       0x40 ./src/board/LPCXpresso/LPC17XX_CMSIS_Drivers/Drivers/source/lpc17xx_gpdma.o
 .debug_aranges
                0x00000440       0xf8 ./src/board/LPCXpresso/LPC17XX_CMSIS_Drivers/Drivers/source/lpc17xx_gpio.o
 .debug_aranges
                0x00000538       0xd0 ./src/board/LPCXpresso/LPC17XX_CMSIS_Drivers/Drivers/source/lpc17xx_i2c.o
 .debug_aranges
                0x00000608       0xc0 ./src/board/LPCXpresso/LPC17XX_CMSIS_Drivers/Drivers/source/lpc17xx_i2s.o
 .debug_aranges
                0x000006c8       0x20 ./src/board/LPCXpresso/LPC17XX_CMSIS_Drivers/Drivers/source/lpc17xx_libcfg_default.o
 .debug_aranges
                0x000006e8       0x90 ./src/board/LPCXpresso/LPC17XX_CMSIS_Drivers/Drivers/source/lpc17xx_mcpwm.o
 .debug_aranges
                0x00000778       0x30 ./src/board/LPCXpresso/LPC17XX_CMSIS_Drivers/Drivers/source/lpc17xx_nvic.o
 .debug_aranges
                0x000007a8       0x48 ./src/board/LPCXpresso/LPC17XX_CMSIS_Drivers/Drivers/source/lpc17xx_pinsel.o
 .debug_aranges
                0x000007f0       0x88 ./src/board/LPCXpresso/LPC17XX_CMSIS_Drivers/Drivers/source/lpc17xx_pwm.o
 .debug_aranges
                0x00000878       0xc0 ./src/board/LPCXpresso/LPC17XX_CMSIS_Drivers/Drivers/source/lpc17xx_qei.o
 .debug_aranges
                0x00000938       0x48 ./src/board/LPCXpresso/LPC17XX_CMSIS_Drivers/Drivers/source/lpc17xx_rit.o
 .debug_aranges
                0x00000980       0xb8 ./src/board/LPCXpresso/LPC17XX_CMSIS_Drivers/Drivers/source/lpc17xx_rtc.o
 .debug_aranges
                0x00000a38       0x80 ./src/board/LPCXpresso/LPC17XX_CMSIS_Drivers/Drivers/source/lpc17xx_spi.o
 .debug_aranges
                0x00000ab8       0xa8 ./src/board/LPCXpresso/LPC17XX_CMSIS_Drivers/Drivers/source/lpc17xx_ssp.o
 .debug_aranges
                0x00000b60       0x48 ./src/board/LPCXpresso/LPC17XX_CMSIS_Drivers/Drivers/source/lpc17xx_systick.o
 .debug_aranges
                0x00000ba8       0x98 ./src/board/LPCXpresso/LPC17XX_CMSIS_Drivers/Drivers/source/lpc17xx_timer.o
 .debug_aranges
                0x00000c40      0x100 ./src/board/LPCXpresso/LPC17XX_CMSIS_Drivers/Drivers/source/lpc17xx_uart.o
 .debug_aranges
                0x00000d40       0x58 ./src/board/LPCXpresso/LPC17XX_CMSIS_Drivers/Drivers/source/lpc17xx_wdt.o
 .debug_aranges
                0x00000d98       0x28 ./src/board/LPCXpresso/LPC17XX_CMSIS_Drivers/Core/CM3/DeviceSupport/NXP/LPC17xx/system_LPC17xx.o
 .debug_aranges
                0x00000dc0       0x50 ./src/board/LPCXpresso/BSP/qPWM.o
 .debug_aranges
                0x00000e10       0x70 ./src/board/LPCXpresso/BSP/qUART.o
 .debug_aranges
                0x00000e80       0x20 ./src/app/qPWM_test.o
 .debug_aranges
                0x00000ea0       0x38 ./src/api/src/comms.o
 .debug_aranges
                0x00000ed8       0x38 ./src/api/src/qIMU.o

.debug_ranges   0x00000000      0xd00
 .debug_ranges  0x00000000       0x70 ./src/board/LPCXpresso/cr_startup_lpc176x.o
 .debug_ranges  0x00000070       0x10 ./src/board/LPCXpresso/init.o
 .debug_ranges  0x00000080       0x60 ./src/board/LPCXpresso/LPC17XX_CMSIS_Drivers/Drivers/source/debug_frmwrk.o
 .debug_ranges  0x000000e0       0x70 ./src/board/LPCXpresso/LPC17XX_CMSIS_Drivers/Drivers/source/lpc17xx_adc.o
 .debug_ranges  0x00000150       0xa8 ./src/board/LPCXpresso/LPC17XX_CMSIS_Drivers/Drivers/source/lpc17xx_can.o
 .debug_ranges  0x000001f8       0x48 ./src/board/LPCXpresso/LPC17XX_CMSIS_Drivers/Drivers/source/lpc17xx_clkpwr.o
 .debug_ranges  0x00000240       0x30 ./src/board/LPCXpresso/LPC17XX_CMSIS_Drivers/Drivers/source/lpc17xx_dac.o
 .debug_ranges  0x00000270       0xc8 ./src/board/LPCXpresso/LPC17XX_CMSIS_Drivers/Drivers/source/lpc17xx_emac.o
 .debug_ranges  0x00000338       0x38 ./src/board/LPCXpresso/LPC17XX_CMSIS_Drivers/Drivers/source/lpc17xx_exti.o
 .debug_ranges  0x00000370       0x30 ./src/board/LPCXpresso/LPC17XX_CMSIS_Drivers/Drivers/source/lpc17xx_gpdma.o
 .debug_ranges  0x000003a0       0xe8 ./src/board/LPCXpresso/LPC17XX_CMSIS_Drivers/Drivers/source/lpc17xx_gpio.o
 .debug_ranges  0x00000488       0xc0 ./src/board/LPCXpresso/LPC17XX_CMSIS_Drivers/Drivers/source/lpc17xx_i2c.o
 .debug_ranges  0x00000548       0xb0 ./src/board/LPCXpresso/LPC17XX_CMSIS_Drivers/Drivers/source/lpc17xx_i2s.o
 .debug_ranges  0x000005f8       0x10 ./src/board/LPCXpresso/LPC17XX_CMSIS_Drivers/Drivers/source/lpc17xx_libcfg_default.o
 .debug_ranges  0x00000608       0x80 ./src/board/LPCXpresso/LPC17XX_CMSIS_Drivers/Drivers/source/lpc17xx_mcpwm.o
 .debug_ranges  0x00000688       0x20 ./src/board/LPCXpresso/LPC17XX_CMSIS_Drivers/Drivers/source/lpc17xx_nvic.o
 .debug_ranges  0x000006a8       0x38 ./src/board/LPCXpresso/LPC17XX_CMSIS_Drivers/Drivers/source/lpc17xx_pinsel.o
 .debug_ranges  0x000006e0       0x78 ./src/board/LPCXpresso/LPC17XX_CMSIS_Drivers/Drivers/source/lpc17xx_pwm.o
 .debug_ranges  0x00000758       0xb0 ./src/board/LPCXpresso/LPC17XX_CMSIS_Drivers/Drivers/source/lpc17xx_qei.o
 .debug_ranges  0x00000808       0x38 ./src/board/LPCXpresso/LPC17XX_CMSIS_Drivers/Drivers/source/lpc17xx_rit.o
 .debug_ranges  0x00000840       0xa8 ./src/board/LPCXpresso/LPC17XX_CMSIS_Drivers/Drivers/source/lpc17xx_rtc.o
 .debug_ranges  0x000008e8       0x70 ./src/board/LPCXpresso/LPC17XX_CMSIS_Drivers/Drivers/source/lpc17xx_spi.o
 .debug_ranges  0x00000958       0x98 ./src/board/LPCXpresso/LPC17XX_CMSIS_Drivers/Drivers/source/lpc17xx_ssp.o
 .debug_ranges  0x000009f0       0x38 ./src/board/LPCXpresso/LPC17XX_CMSIS_Drivers/Drivers/source/lpc17xx_systick.o
 .debug_ranges  0x00000a28       0x88 ./src/board/LPCXpresso/LPC17XX_CMSIS_Drivers/Drivers/source/lpc17xx_timer.o
 .debug_ranges  0x00000ab0       0xf0 ./src/board/LPCXpresso/LPC17XX_CMSIS_Drivers/Drivers/source/lpc17xx_uart.o
 .debug_ranges  0x00000ba0       0x48 ./src/board/LPCXpresso/LPC17XX_CMSIS_Drivers/Drivers/source/lpc17xx_wdt.o
 .debug_ranges  0x00000be8       0x18 ./src/board/LPCXpresso/LPC17XX_CMSIS_Drivers/Core/CM3/DeviceSupport/NXP/LPC17xx/system_LPC17xx.o
 .debug_ranges  0x00000c00       0x40 ./src/board/LPCXpresso/BSP/qPWM.o
 .debug_ranges  0x00000c40       0x60 ./src/board/LPCXpresso/BSP/qUART.o
 .debug_ranges  0x00000ca0       0x10 ./src/app/qPWM_test.o
 .debug_ranges  0x00000cb0       0x28 ./src/api/src/comms.o
 .debug_ranges  0x00000cd8       0x28 ./src/api/src/qIMU.o

.debug_frame    0x00000000     0x2f48
 .debug_frame   0x00000000       0xf0 ./src/board/LPCXpresso/cr_startup_lpc176x.o
 .debug_frame   0x000000f0       0x2c ./src/board/LPCXpresso/init.o
 .debug_frame   0x0000011c      0x170 ./src/board/LPCXpresso/LPC17XX_CMSIS_Drivers/Drivers/source/debug_frmwrk.o
 .debug_frame   0x0000028c      0x1ac ./src/board/LPCXpresso/LPC17XX_CMSIS_Drivers/Drivers/source/lpc17xx_adc.o
 .debug_frame   0x00000438      0x294 ./src/board/LPCXpresso/LPC17XX_CMSIS_Drivers/Drivers/source/lpc17xx_can.o
 .debug_frame   0x000006cc       0xe4 ./src/board/LPCXpresso/LPC17XX_CMSIS_Drivers/Drivers/source/lpc17xx_clkpwr.o
 .debug_frame   0x000007b0       0xb0 ./src/board/LPCXpresso/LPC17XX_CMSIS_Drivers/Drivers/source/lpc17xx_dac.o
 .debug_frame   0x00000860      0x2c0 ./src/board/LPCXpresso/LPC17XX_CMSIS_Drivers/Drivers/source/lpc17xx_emac.o
 .debug_frame   0x00000b20       0xb4 ./src/board/LPCXpresso/LPC17XX_CMSIS_Drivers/Drivers/source/lpc17xx_exti.o
 .debug_frame   0x00000bd4       0xa4 ./src/board/LPCXpresso/LPC17XX_CMSIS_Drivers/Drivers/source/lpc17xx_gpdma.o
 .debug_frame   0x00000c78      0x378 ./src/board/LPCXpresso/LPC17XX_CMSIS_Drivers/Drivers/source/lpc17xx_gpio.o
 .debug_frame   0x00000ff0      0x2d0 ./src/board/LPCXpresso/LPC17XX_CMSIS_Drivers/Drivers/source/lpc17xx_i2c.o
 .debug_frame   0x000012c0      0x2ac ./src/board/LPCXpresso/LPC17XX_CMSIS_Drivers/Drivers/source/lpc17xx_i2s.o
 .debug_frame   0x0000156c       0x2c ./src/board/LPCXpresso/LPC17XX_CMSIS_Drivers/Drivers/source/lpc17xx_libcfg_default.o
 .debug_frame   0x00001598      0x1b8 ./src/board/LPCXpresso/LPC17XX_CMSIS_Drivers/Drivers/source/lpc17xx_mcpwm.o
 .debug_frame   0x00001750       0x64 ./src/board/LPCXpresso/LPC17XX_CMSIS_Drivers/Drivers/source/lpc17xx_nvic.o
 .debug_frame   0x000017b4       0xbc ./src/board/LPCXpresso/LPC17XX_CMSIS_Drivers/Drivers/source/lpc17xx_pinsel.o
 .debug_frame   0x00001870      0x1d0 ./src/board/LPCXpresso/LPC17XX_CMSIS_Drivers/Drivers/source/lpc17xx_pwm.o
 .debug_frame   0x00001a40      0x2b0 ./src/board/LPCXpresso/LPC17XX_CMSIS_Drivers/Drivers/source/lpc17xx_qei.o
 .debug_frame   0x00001cf0       0xd0 ./src/board/LPCXpresso/LPC17XX_CMSIS_Drivers/Drivers/source/lpc17xx_rit.o
 .debug_frame   0x00001dc0      0x28c ./src/board/LPCXpresso/LPC17XX_CMSIS_Drivers/Drivers/source/lpc17xx_rtc.o
 .debug_frame   0x0000204c      0x1ac ./src/board/LPCXpresso/LPC17XX_CMSIS_Drivers/Drivers/source/lpc17xx_spi.o
 .debug_frame   0x000021f8      0x24c ./src/board/LPCXpresso/LPC17XX_CMSIS_Drivers/Drivers/source/lpc17xx_ssp.o
 .debug_frame   0x00002444       0xc0 ./src/board/LPCXpresso/LPC17XX_CMSIS_Drivers/Drivers/source/lpc17xx_systick.o
 .debug_frame   0x00002504      0x208 ./src/board/LPCXpresso/LPC17XX_CMSIS_Drivers/Drivers/source/lpc17xx_timer.o
 .debug_frame   0x0000270c      0x3a0 ./src/board/LPCXpresso/LPC17XX_CMSIS_Drivers/Drivers/source/lpc17xx_uart.o
 .debug_frame   0x00002aac       0xf0 ./src/board/LPCXpresso/LPC17XX_CMSIS_Drivers/Drivers/source/lpc17xx_wdt.o
 .debug_frame   0x00002b9c       0x40 ./src/board/LPCXpresso/LPC17XX_CMSIS_Drivers/Core/CM3/DeviceSupport/NXP/LPC17xx/system_LPC17xx.o
 .debug_frame   0x00002bdc       0xec ./src/board/LPCXpresso/BSP/qPWM.o
 .debug_frame   0x00002cc8      0x158 ./src/board/LPCXpresso/BSP/qUART.o
 .debug_frame   0x00002e20       0x30 ./src/app/qPWM_test.o
 .debug_frame   0x00002e50       0x84 ./src/api/src/comms.o
 .debug_frame   0x00002ed4       0x74 ./src/api/src/qIMU.o
